---
source: petal_core/src/parser.rs
expression: "parse_expr(\"a(b) + c(d)\")"
---
(
    [
        Identifier {
            name: "a",
            span: Span {
                start: Pos(
                    0,
                ),
                end: Some(
                    Pos(
                        0,
                    ),
                ),
            },
            symbol_id: None,
        },
        Identifier {
            name: "b",
            span: Span {
                start: Pos(
                    2,
                ),
                end: Some(
                    Pos(
                        2,
                    ),
                ),
            },
            symbol_id: None,
        },
        Identifier {
            name: "c",
            span: Span {
                start: Pos(
                    7,
                ),
                end: Some(
                    Pos(
                        7,
                    ),
                ),
            },
            symbol_id: None,
        },
        Identifier {
            name: "d",
            span: Span {
                start: Pos(
                    9,
                ),
                end: Some(
                    Pos(
                        9,
                    ),
                ),
            },
            symbol_id: None,
        },
    ],
    [
        ExprNode {
            expr: Ident(
                IdentId(
                    1v1,
                ),
            ),
            span: Span {
                start: Pos(
                    0,
                ),
                end: Some(
                    Pos(
                        0,
                    ),
                ),
            },
        },
        ExprNode {
            expr: Ident(
                IdentId(
                    2v1,
                ),
            ),
            span: Span {
                start: Pos(
                    2,
                ),
                end: Some(
                    Pos(
                        2,
                    ),
                ),
            },
        },
        ExprNode {
            expr: Call {
                callee: ExprId(
                    1v1,
                ),
                args: [
                    ExprId(
                        2v1,
                    ),
                ],
            },
            span: Span {
                start: Pos(
                    0,
                ),
                end: Some(
                    Pos(
                        3,
                    ),
                ),
            },
        },
        ExprNode {
            expr: Ident(
                IdentId(
                    3v1,
                ),
            ),
            span: Span {
                start: Pos(
                    7,
                ),
                end: Some(
                    Pos(
                        7,
                    ),
                ),
            },
        },
        ExprNode {
            expr: Ident(
                IdentId(
                    4v1,
                ),
            ),
            span: Span {
                start: Pos(
                    9,
                ),
                end: Some(
                    Pos(
                        9,
                    ),
                ),
            },
        },
        ExprNode {
            expr: Call {
                callee: ExprId(
                    4v1,
                ),
                args: [
                    ExprId(
                        5v1,
                    ),
                ],
            },
            span: Span {
                start: Pos(
                    7,
                ),
                end: Some(
                    Pos(
                        10,
                    ),
                ),
            },
        },
        ExprNode {
            expr: BinaryOp {
                op: BinaryOp {
                    binary_type: Add,
                    span: Span {
                        start: Pos(
                            5,
                        ),
                        end: Some(
                            Pos(
                                5,
                            ),
                        ),
                    },
                },
                left: ExprId(
                    3v1,
                ),
                right: ExprId(
                    6v1,
                ),
            },
            span: Span {
                start: Pos(
                    0,
                ),
                end: Some(
                    Pos(
                        10,
                    ),
                ),
            },
        },
    ],
)
