---
source: petal_core/src/parser.rs
expression: "parse_stmt(\"import foo()\")"
---
(
    [
        Identifier {
            name: "foo",
            span: Span {
                start: Pos(
                    7,
                ),
                end: Some(
                    Pos(
                        9,
                    ),
                ),
            },
            symbol_id: None,
        },
    ],
    [],
    [],
    [],
    [
        ImportFunc {
            signature: FuncSignature {
                ident: IdentId(
                    1v1,
                ),
                type_params: [],
                args: [],
                return_ty: None,
                span: Span {
                    start: Pos(
                        7,
                    ),
                    end: Some(
                        Pos(
                            9,
                        ),
                    ),
                },
            },
            span: Span {
                start: Pos(
                    0,
                ),
                end: Some(
                    Pos(
                        9,
                    ),
                ),
            },
        },
    ],
)
