---
source: src/petal/parser.rs
expression: "parse_expr(\"foo\")"
---
[
    ExprNode {
        expr: Ident(
            IdentId(
                1v1,
            ),
        ),
        span: Span {
            start: Pos(
                0,
            ),
            end: Some(
                Pos(
                    2,
                ),
            ),
        },
    },
]
