---
source: src/petal/parser.rs
expression: "parse_stmt(\"\n            if cond {\n                a\n            }\n        \")"
---
IfStmt {
    condition: Ident {
        name: "cond",
        span: Span {
            start: Pos {
                line: 1,
                col: 16,
            },
            end: Pos {
                line: 1,
                col: 19,
            },
        },
    },
    then_block: Block {
        statements: [
            ExprStmt {
                expr: Ident {
                    name: "a",
                    span: Span {
                        start: Pos {
                            line: 2,
                            col: 17,
                        },
                        end: Pos {
                            line: 2,
                            col: 17,
                        },
                    },
                },
                span: Span {
                    start: Pos {
                        line: 2,
                        col: 17,
                    },
                    end: Pos {
                        line: 2,
                        col: 17,
                    },
                },
            },
        ],
        span: Span {
            start: Pos {
                line: 1,
                col: 21,
            },
            end: Pos {
                line: 3,
                col: 13,
            },
        },
    },
    else_block: None,
    span: Span {
        start: Pos {
            line: 1,
            col: 13,
        },
        end: Pos {
            line: 3,
            col: 13,
        },
    },
}
