---
source: src/petal/parser.rs
expression: "parse_expr(\"-ab\")"
---
[
    ExprNode {
        expr: Ident(
            Identifier {
                name: "ab",
                span: Span {
                    start: Pos(
                        1,
                    ),
                    end: Some(
                        Pos(
                            2,
                        ),
                    ),
                },
            },
        ),
        span: Span {
            start: Pos(
                1,
            ),
            end: Some(
                Pos(
                    2,
                ),
            ),
        },
    },
    ExprNode {
        expr: PrefixOp {
            op: Token {
                token_type: Minus,
                lexeme: "-",
                literal: None,
                span: Span {
                    start: Pos(
                        0,
                    ),
                    end: Some(
                        Pos(
                            0,
                        ),
                    ),
                },
            },
            right: ExprId(
                1v1,
            ),
        },
        span: Span {
            start: Pos(
                1,
            ),
            end: Some(
                Pos(
                    0,
                ),
            ),
        },
    },
]
