---
source: src/petal/parser.rs
expression: "parse_expr(\"1 * (2 - 3)\")"
---
BinaryOp {
    left: Integer {
        value: 1,
        span: Span {
            start: Pos {
                line: 0,
                col: 1,
            },
            end: Pos {
                line: 0,
                col: 1,
            },
        },
    },
    op: Token {
        token_type: Star,
        lexeme: "*",
        literal: None,
        span: Span {
            start: Pos {
                line: 0,
                col: 3,
            },
            end: Pos {
                line: 0,
                col: 3,
            },
        },
    },
    right: BinaryOp {
        left: Integer {
            value: 2,
            span: Span {
                start: Pos {
                    line: 0,
                    col: 6,
                },
                end: Pos {
                    line: 0,
                    col: 6,
                },
            },
        },
        op: Token {
            token_type: Minus,
            lexeme: "-",
            literal: None,
            span: Span {
                start: Pos {
                    line: 0,
                    col: 8,
                },
                end: Pos {
                    line: 0,
                    col: 8,
                },
            },
        },
        right: Integer {
            value: 3,
            span: Span {
                start: Pos {
                    line: 0,
                    col: 10,
                },
                end: Pos {
                    line: 0,
                    col: 10,
                },
            },
        },
        span: Span {
            start: Pos {
                line: 0,
                col: 6,
            },
            end: Pos {
                line: 0,
                col: 10,
            },
        },
    },
    span: Span {
        start: Pos {
            line: 0,
            col: 1,
        },
        end: Pos {
            line: 0,
            col: 10,
        },
    },
}
