---
source: src/petal/lexer.rs
expression: "lex(\"1 123 123.456\".to_string())"
---
[
    Token {
        token_type: Integer,
        lexeme: "1",
        literal: Some(
            Integer(
                1,
            ),
        ),
        span: Span(
            Pos(
                1,
            ),
            Pos(
                1,
            ),
        ),
    },
    Token {
        token_type: Integer,
        lexeme: "123",
        literal: Some(
            Integer(
                123,
            ),
        ),
        span: Span(
            Pos(
                3,
            ),
            Pos(
                5,
            ),
        ),
    },
    Token {
        token_type: Float,
        lexeme: "123.456",
        literal: Some(
            Float(
                123.456,
            ),
        ),
        span: Span(
            Pos(
                7,
            ),
            Pos(
                13,
            ),
        ),
    },
]
