---
source: src/petal/parser.rs
expression: "parse_expr(\"1 ^ 2\")"
---
BinaryOp {
    left: Integer {
        value: 1,
        span: Span {
            start: Pos {
                line: 0,
                col: 1,
            },
            end: Pos {
                line: 0,
                col: 1,
            },
        },
    },
    op: Token {
        token_type: Caret,
        lexeme: "^",
        literal: None,
        span: Span {
            start: Pos {
                line: 0,
                col: 3,
            },
            end: Pos {
                line: 0,
                col: 3,
            },
        },
    },
    right: Integer {
        value: 2,
        span: Span {
            start: Pos {
                line: 0,
                col: 5,
            },
            end: Pos {
                line: 0,
                col: 5,
            },
        },
    },
    span: Span {
        start: Pos {
            line: 0,
            col: 1,
        },
        end: Pos {
            line: 0,
            col: 5,
        },
    },
}
