---
source: src/petal/parser.rs
expression: "parse_stmt(\"let a: Int = b\")"
---
Let(
    LetDecl {
        name: "a",
        ty: Some(
            Type {
                name: "Int",
                span: Span {
                    start: Pos {
                        line: 0,
                        col: 8,
                    },
                    end: Pos {
                        line: 0,
                        col: 10,
                    },
                },
            },
        ),
        init: Ident {
            name: "b",
            span: Span {
                start: Pos {
                    line: 0,
                    col: 14,
                },
                end: Pos {
                    line: 0,
                    col: 14,
                },
            },
        },
        span: Span {
            start: Pos {
                line: 0,
                col: 1,
            },
            end: Pos {
                line: 0,
                col: 14,
            },
        },
    },
)
