---
source: src/petal/parser.rs
expression: "parse_expr(\"1 ? 2 : 3\")"
---
Conditional {
    condition: Integer {
        value: 1,
        span: Span {
            start: Pos {
                line: 0,
                col: 1,
            },
            end: Pos {
                line: 0,
                col: 1,
            },
        },
    },
    then_branch: Integer {
        value: 2,
        span: Span {
            start: Pos {
                line: 0,
                col: 5,
            },
            end: Pos {
                line: 0,
                col: 5,
            },
        },
    },
    else_branch: Integer {
        value: 3,
        span: Span {
            start: Pos {
                line: 0,
                col: 9,
            },
            end: Pos {
                line: 0,
                col: 9,
            },
        },
    },
    span: Span {
        start: Pos {
            line: 0,
            col: 1,
        },
        end: Pos {
            line: 0,
            col: 9,
        },
    },
}
