---
source: src/petal/lexer.rs
expression: "lex(\"\\\"multi\\nline\\nstring\\\"\".to_string())"
---
[
    Token {
        token_type: String,
        lexeme: "\"multi\nline\nstring\"",
        literal: Some(
            String(
                "multi\nline\nstring",
            ),
        ),
        span: Span {
            start: Pos {
                line: 0,
                col: 1,
            },
            end: Pos {
                line: 2,
                col: 6,
            },
        },
    },
]
