---
source: src/petal/parser.rs
expression: "parse(\"foo(a, 1, \\\"hello\\\")\")"
---
Call {
    callee: Ident {
        name: "foo",
        span: Span {
            start: Pos {
                line: 0,
                col: 1,
            },
            end: Pos {
                line: 0,
                col: 3,
            },
        },
    },
    args: [
        Ident {
            name: "a",
            span: Span {
                start: Pos {
                    line: 0,
                    col: 5,
                },
                end: Pos {
                    line: 0,
                    col: 5,
                },
            },
        },
        Number {
            value: 1.0,
            span: Span {
                start: Pos {
                    line: 0,
                    col: 8,
                },
                end: Pos {
                    line: 0,
                    col: 8,
                },
            },
        },
        String {
            value: "hello",
            span: Span {
                start: Pos {
                    line: 0,
                    col: 11,
                },
                end: Pos {
                    line: 0,
                    col: 17,
                },
            },
        },
    ],
    span: Span {
        start: Pos {
            line: 0,
            col: 1,
        },
        end: Pos {
            line: 0,
            col: 17,
        },
    },
}
