---
source: src/petal/lexer.rs
expression: "lex(\"let if else false true\".to_string())"
---
[
    Token {
        token_type: Let,
        lexeme: "let",
        literal: None,
        span: Span {
            start: Pos {
                line: 0,
                col: 1,
            },
            end: Pos {
                line: 0,
                col: 3,
            },
        },
    },
    Token {
        token_type: If,
        lexeme: "if",
        literal: None,
        span: Span {
            start: Pos {
                line: 0,
                col: 5,
            },
            end: Pos {
                line: 0,
                col: 6,
            },
        },
    },
    Token {
        token_type: Else,
        lexeme: "else",
        literal: None,
        span: Span {
            start: Pos {
                line: 0,
                col: 8,
            },
            end: Pos {
                line: 0,
                col: 11,
            },
        },
    },
    Token {
        token_type: False,
        lexeme: "false",
        literal: None,
        span: Span {
            start: Pos {
                line: 0,
                col: 13,
            },
            end: Pos {
                line: 0,
                col: 17,
            },
        },
    },
    Token {
        token_type: True,
        lexeme: "true",
        literal: None,
        span: Span {
            start: Pos {
                line: 0,
                col: 19,
            },
            end: Pos {
                line: 0,
                col: 22,
            },
        },
    },
]
