---
source: src/petal/parser.rs
expression: "parse(\"a + b - c\")"
---
BinaryOp {
    left: BinaryOp {
        left: Ident {
            name: "a",
            span: Span {
                start: Pos {
                    line: 0,
                    col: 1,
                },
                end: Pos {
                    line: 0,
                    col: 1,
                },
            },
        },
        op: Token {
            token_type: Plus,
            lexeme: "+",
            literal: None,
            span: Span {
                start: Pos {
                    line: 0,
                    col: 3,
                },
                end: Pos {
                    line: 0,
                    col: 3,
                },
            },
        },
        right: Ident {
            name: "b",
            span: Span {
                start: Pos {
                    line: 0,
                    col: 5,
                },
                end: Pos {
                    line: 0,
                    col: 5,
                },
            },
        },
        span: Span {
            start: Pos {
                line: 0,
                col: 1,
            },
            end: Pos {
                line: 0,
                col: 5,
            },
        },
    },
    op: Token {
        token_type: Minus,
        lexeme: "-",
        literal: None,
        span: Span {
            start: Pos {
                line: 0,
                col: 7,
            },
            end: Pos {
                line: 0,
                col: 7,
            },
        },
    },
    right: Ident {
        name: "c",
        span: Span {
            start: Pos {
                line: 0,
                col: 9,
            },
            end: Pos {
                line: 0,
                col: 9,
            },
        },
    },
    span: Span {
        start: Pos {
            line: 0,
            col: 1,
        },
        end: Pos {
            line: 0,
            col: 9,
        },
    },
}
