---
source: src/petal/parser.rs
expression: "parse_stmt(\"\n            if cond {\n                a\n            } else {\n                b\n            }\n        \")"
---
IfStmt {
    condition: Ident {
        name: "cond",
        span: Span {
            start: Pos {
                line: 1,
                col: 16,
            },
            end: Pos {
                line: 1,
                col: 19,
            },
        },
    },
    then_block: Block {
        statements: [
            ExprStmt {
                expr: Ident {
                    name: "a",
                    span: Span {
                        start: Pos {
                            line: 2,
                            col: 17,
                        },
                        end: Pos {
                            line: 2,
                            col: 17,
                        },
                    },
                },
                span: Span {
                    start: Pos {
                        line: 2,
                        col: 17,
                    },
                    end: Pos {
                        line: 2,
                        col: 17,
                    },
                },
            },
        ],
        span: Span {
            start: Pos {
                line: 1,
                col: 21,
            },
            end: Pos {
                line: 3,
                col: 13,
            },
        },
    },
    else_block: Some(
        Block {
            statements: [
                ExprStmt {
                    expr: Ident {
                        name: "b",
                        span: Span {
                            start: Pos {
                                line: 4,
                                col: 17,
                            },
                            end: Pos {
                                line: 4,
                                col: 17,
                            },
                        },
                    },
                    span: Span {
                        start: Pos {
                            line: 4,
                            col: 17,
                        },
                        end: Pos {
                            line: 4,
                            col: 17,
                        },
                    },
                },
            ],
            span: Span {
                start: Pos {
                    line: 3,
                    col: 20,
                },
                end: Pos {
                    line: 5,
                    col: 13,
                },
            },
        },
    ),
    span: Span {
        start: Pos {
            line: 1,
            col: 13,
        },
        end: Pos {
            line: 5,
            col: 13,
        },
    },
}
