---
source: src/petal/parser.rs
expression: "parse_expr(\"!foo\")"
---
[
    ExprNode {
        expr: Ident(
            IdentId(
                1v1,
            ),
        ),
        span: Span {
            start: Pos(
                1,
            ),
            end: Some(
                Pos(
                    3,
                ),
            ),
        },
    },
    ExprNode {
        expr: PrefixOp {
            op: Token {
                token_type: Bang,
                lexeme: "!",
                literal: None,
                span: Span {
                    start: Pos(
                        0,
                    ),
                    end: Some(
                        Pos(
                            0,
                        ),
                    ),
                },
            },
            right: ExprId(
                1v1,
            ),
        },
        span: Span {
            start: Pos(
                1,
            ),
            end: Some(
                Pos(
                    0,
                ),
            ),
        },
    },
]
