---
source: src/petal/lexer.rs
expression: "lex(\"\\\"hello world\\\" \\\"123 -+() . '\\\"\".to_string())"
---
[
    Token {
        token_type: String,
        lexeme: "\"hello world\"",
        literal: Some(
            String(
                "hello world",
            ),
        ),
        span: Span(
            Pos(
                1,
            ),
            Pos(
                13,
            ),
        ),
    },
    Token {
        token_type: String,
        lexeme: "\"123 -+() . '\"",
        literal: Some(
            String(
                "123 -+() . '",
            ),
        ),
        span: Span(
            Pos(
                15,
            ),
            Pos(
                28,
            ),
        ),
    },
]
