---
source: src/petal/lexer.rs
expression: tokens
---
[
    Token {
        token_type: Comment,
        lexeme: "# hello world",
        literal: Some(
            Comment(
                "hello world",
            ),
        ),
        span: Span {
            start: Pos {
                line: 0,
                col: 1,
            },
            end: Pos {
                line: 0,
                col: 14,
            },
        },
    },
]
